INFO - 2025-06-19 15:43:46 --> Session: Class initialized using 'CodeIgniter\Session\Handlers\FileHandler' driver.
WARNING - 2025-06-19 15:43:47 --> [DEPRECATED] Creation of dynamic property CodeIgniter\View\View::$website is deprecated in APPPATH\Views\layout\wrapper.php on line 3.
 1 SYSTEMPATH\View\View.php(228): include('C:\\xampp\\htdocs\\webspp\\app\\Views\\layout\\wrapper.php')
 2 SYSTEMPATH\View\View.php(231): CodeIgniter\View\View->CodeIgniter\View\{closure}()
 3 SYSTEMPATH\Common.php(1178): CodeIgniter\View\View->render('layout/wrapper', [], true)
 4 APPPATH\Controllers\Signin.php(51): view('layout/wrapper', [...])
 5 SYSTEMPATH\CodeIgniter.php(941): App\Controllers\Signin->index()
 6 SYSTEMPATH\CodeIgniter.php(502): CodeIgniter\CodeIgniter->runController(Object(App\Controllers\Signin))
 7 SYSTEMPATH\CodeIgniter.php(361): CodeIgniter\CodeIgniter->handleRequest(null, Object(Config\Cache), false)
 8 FCPATH\index.php(36): CodeIgniter\CodeIgniter->run()
 9 SYSTEMPATH\Commands\Server\rewrite.php(47): require_once('C:\\xampp\\htdocs\\webspp\\public\\index.php')
WARNING - 2025-06-19 15:43:47 --> [DEPRECATED] Creation of dynamic property CodeIgniter\View\View::$session is deprecated in APPPATH\Views\layout\wrapper.php on line 4.
 1 SYSTEMPATH\View\View.php(228): include('C:\\xampp\\htdocs\\webspp\\app\\Views\\layout\\wrapper.php')
 2 SYSTEMPATH\View\View.php(231): CodeIgniter\View\View->CodeIgniter\View\{closure}()
 3 SYSTEMPATH\Common.php(1178): CodeIgniter\View\View->render('layout/wrapper', [], true)
 4 APPPATH\Controllers\Signin.php(51): view('layout/wrapper', [...])
 5 SYSTEMPATH\CodeIgniter.php(941): App\Controllers\Signin->index()
 6 SYSTEMPATH\CodeIgniter.php(502): CodeIgniter\CodeIgniter->runController(Object(App\Controllers\Signin))
 7 SYSTEMPATH\CodeIgniter.php(361): CodeIgniter\CodeIgniter->handleRequest(null, Object(Config\Cache), false)
 8 FCPATH\index.php(36): CodeIgniter\CodeIgniter->run()
 9 SYSTEMPATH\Commands\Server\rewrite.php(47): require_once('C:\\xampp\\htdocs\\webspp\\public\\index.php')
INFO - 2025-06-19 15:43:51 --> Session: Class initialized using 'CodeIgniter\Session\Handlers\FileHandler' driver.
WARNING - 2025-06-19 15:43:51 --> [DEPRECATED] Creation of dynamic property CodeIgniter\View\View::$website is deprecated in APPPATH\Views\login\wrapper.php on line 3.
 1 SYSTEMPATH\View\View.php(228): include('C:\\xampp\\htdocs\\webspp\\app\\Views\\login\\wrapper.php')
 2 SYSTEMPATH\View\View.php(231): CodeIgniter\View\View->CodeIgniter\View\{closure}()
 3 SYSTEMPATH\Common.php(1178): CodeIgniter\View\View->render('login/wrapper', [], true)
 4 APPPATH\Controllers\Login.php(34): view('login/wrapper', [...])
 5 SYSTEMPATH\CodeIgniter.php(941): App\Controllers\Login->index()
 6 SYSTEMPATH\CodeIgniter.php(502): CodeIgniter\CodeIgniter->runController(Object(App\Controllers\Login))
 7 SYSTEMPATH\CodeIgniter.php(361): CodeIgniter\CodeIgniter->handleRequest(null, Object(Config\Cache), false)
 8 FCPATH\index.php(36): CodeIgniter\CodeIgniter->run()
 9 ROOTPATH\index.php(7): require_once('C:\\xampp\\htdocs\\webspp\\public\\index.php')
INFO - 2025-06-19 15:44:10 --> Session: Class initialized using 'CodeIgniter\Session\Handlers\FileHandler' driver.
WARNING - 2025-06-19 15:44:10 --> [DEPRECATED] Creation of dynamic property App\Libraries\Simple_login::$session is deprecated in APPPATH\Libraries\Simple_login.php on line 15.
 1 APPPATH\Controllers\Login.php(22): App\Libraries\Simple_login->login('nabilah', 'nabilah', '')
 2 SYSTEMPATH\CodeIgniter.php(941): App\Controllers\Login->index()
 3 SYSTEMPATH\CodeIgniter.php(502): CodeIgniter\CodeIgniter->runController(Object(App\Controllers\Login))
 4 SYSTEMPATH\CodeIgniter.php(361): CodeIgniter\CodeIgniter->handleRequest(null, Object(Config\Cache), false)
 5 FCPATH\index.php(36): CodeIgniter\CodeIgniter->run()
 6 ROOTPATH\index.php(7): require_once('C:\\xampp\\htdocs\\webspp\\public\\index.php')
DEBUG - 2025-06-19 15:44:10 --> Akses level: admin
INFO - 2025-06-19 15:44:10 --> Session: Class initialized using 'CodeIgniter\Session\Handlers\FileHandler' driver.
WARNING - 2025-06-19 15:44:10 --> [DEPRECATED] Creation of dynamic property CodeIgniter\View\View::$simple_login is deprecated in APPPATH\Views\admin\layout\wrapper.php on line 4.
 1 SYSTEMPATH\View\View.php(228): include('C:\\xampp\\htdocs\\webspp\\app\\Views\\admin\\layout\\wrapper.php')
 2 SYSTEMPATH\View\View.php(231): CodeIgniter\View\View->CodeIgniter\View\{closure}()
 3 SYSTEMPATH\Common.php(1178): CodeIgniter\View\View->render('admin/layout/wrapper', [], true)
 4 APPPATH\Controllers\Admin\Dasbor.php(14): view('admin/layout/wrapper', [...])
 5 SYSTEMPATH\CodeIgniter.php(941): App\Controllers\Admin\Dasbor->index()
 6 SYSTEMPATH\CodeIgniter.php(502): CodeIgniter\CodeIgniter->runController(Object(App\Controllers\Admin\Dasbor))
 7 SYSTEMPATH\CodeIgniter.php(361): CodeIgniter\CodeIgniter->handleRequest(null, Object(Config\Cache), false)
 8 FCPATH\index.php(36): CodeIgniter\CodeIgniter->run()
 9 ROOTPATH\index.php(7): require_once('C:\\xampp\\htdocs\\webspp\\public\\index.php')
WARNING - 2025-06-19 15:44:10 --> [DEPRECATED] Creation of dynamic property CodeIgniter\View\View::$website is deprecated in APPPATH\Views\admin\layout\wrapper.php on line 5.
 1 SYSTEMPATH\View\View.php(228): include('C:\\xampp\\htdocs\\webspp\\app\\Views\\admin\\layout\\wrapper.php')
 2 SYSTEMPATH\View\View.php(231): CodeIgniter\View\View->CodeIgniter\View\{closure}()
 3 SYSTEMPATH\Common.php(1178): CodeIgniter\View\View->render('admin/layout/wrapper', [], true)
 4 APPPATH\Controllers\Admin\Dasbor.php(14): view('admin/layout/wrapper', [...])
 5 SYSTEMPATH\CodeIgniter.php(941): App\Controllers\Admin\Dasbor->index()
 6 SYSTEMPATH\CodeIgniter.php(502): CodeIgniter\CodeIgniter->runController(Object(App\Controllers\Admin\Dasbor))
 7 SYSTEMPATH\CodeIgniter.php(361): CodeIgniter\CodeIgniter->handleRequest(null, Object(Config\Cache), false)
 8 FCPATH\index.php(36): CodeIgniter\CodeIgniter->run()
 9 ROOTPATH\index.php(7): require_once('C:\\xampp\\htdocs\\webspp\\public\\index.php')
WARNING - 2025-06-19 15:44:10 --> [DEPRECATED] Creation of dynamic property CodeIgniter\View\View::$session is deprecated in APPPATH\Views\admin\layout\wrapper.php on line 6.
 1 SYSTEMPATH\View\View.php(228): include('C:\\xampp\\htdocs\\webspp\\app\\Views\\admin\\layout\\wrapper.php')
 2 SYSTEMPATH\View\View.php(231): CodeIgniter\View\View->CodeIgniter\View\{closure}()
 3 SYSTEMPATH\Common.php(1178): CodeIgniter\View\View->render('admin/layout/wrapper', [], true)
 4 APPPATH\Controllers\Admin\Dasbor.php(14): view('admin/layout/wrapper', [...])
 5 SYSTEMPATH\CodeIgniter.php(941): App\Controllers\Admin\Dasbor->index()
 6 SYSTEMPATH\CodeIgniter.php(502): CodeIgniter\CodeIgniter->runController(Object(App\Controllers\Admin\Dasbor))
 7 SYSTEMPATH\CodeIgniter.php(361): CodeIgniter\CodeIgniter->handleRequest(null, Object(Config\Cache), false)
 8 FCPATH\index.php(36): CodeIgniter\CodeIgniter->run()
 9 ROOTPATH\index.php(7): require_once('C:\\xampp\\htdocs\\webspp\\public\\index.php')
WARNING - 2025-06-19 15:44:10 --> [DEPRECATED] Creation of dynamic property App\Libraries\Simple_login::$session is deprecated in APPPATH\Libraries\Simple_login.php on line 130.
 1 APPPATH\Views\admin\layout\wrapper.php(8): App\Libraries\Simple_login->checklogin()
 2 SYSTEMPATH\View\View.php(228): include('C:\\xampp\\htdocs\\webspp\\app\\Views\\admin\\layout\\wrapper.php')
 3 SYSTEMPATH\View\View.php(231): CodeIgniter\View\View->CodeIgniter\View\{closure}()
 4 SYSTEMPATH\Common.php(1178): CodeIgniter\View\View->render('admin/layout/wrapper', [], true)
 5 APPPATH\Controllers\Admin\Dasbor.php(14): view('admin/layout/wrapper', [...])
 6 SYSTEMPATH\CodeIgniter.php(941): App\Controllers\Admin\Dasbor->index()
 7 SYSTEMPATH\CodeIgniter.php(502): CodeIgniter\CodeIgniter->runController(Object(App\Controllers\Admin\Dasbor))
 8 SYSTEMPATH\CodeIgniter.php(361): CodeIgniter\CodeIgniter->handleRequest(null, Object(Config\Cache), false)
 9 FCPATH\index.php(36): CodeIgniter\CodeIgniter->run()
10 ROOTPATH\index.php(7): require_once('C:\\xampp\\htdocs\\webspp\\public\\index.php')
INFO - 2025-06-19 15:44:16 --> Session: Class initialized using 'CodeIgniter\Session\Handlers\FileHandler' driver.
WARNING - 2025-06-19 15:44:16 --> [DEPRECATED] Creation of dynamic property CodeIgniter\View\View::$simple_login is deprecated in APPPATH\Views\admin\layout\wrapper.php on line 4.
 1 SYSTEMPATH\View\View.php(228): include('C:\\xampp\\htdocs\\webspp\\app\\Views\\admin\\layout\\wrapper.php')
 2 SYSTEMPATH\View\View.php(231): CodeIgniter\View\View->CodeIgniter\View\{closure}()
 3 SYSTEMPATH\Common.php(1178): CodeIgniter\View\View->render('admin/layout/wrapper', [], true)
 4 APPPATH\Controllers\Admin\Siswa.php(53): view('admin/layout/wrapper', [...])
 5 SYSTEMPATH\CodeIgniter.php(941): App\Controllers\Admin\Siswa->index()
 6 SYSTEMPATH\CodeIgniter.php(502): CodeIgniter\CodeIgniter->runController(Object(App\Controllers\Admin\Siswa))
 7 SYSTEMPATH\CodeIgniter.php(361): CodeIgniter\CodeIgniter->handleRequest(null, Object(Config\Cache), false)
 8 FCPATH\index.php(36): CodeIgniter\CodeIgniter->run()
 9 ROOTPATH\index.php(7): require_once('C:\\xampp\\htdocs\\webspp\\public\\index.php')
WARNING - 2025-06-19 15:44:16 --> [DEPRECATED] Creation of dynamic property CodeIgniter\View\View::$website is deprecated in APPPATH\Views\admin\layout\wrapper.php on line 5.
 1 SYSTEMPATH\View\View.php(228): include('C:\\xampp\\htdocs\\webspp\\app\\Views\\admin\\layout\\wrapper.php')
 2 SYSTEMPATH\View\View.php(231): CodeIgniter\View\View->CodeIgniter\View\{closure}()
 3 SYSTEMPATH\Common.php(1178): CodeIgniter\View\View->render('admin/layout/wrapper', [], true)
 4 APPPATH\Controllers\Admin\Siswa.php(53): view('admin/layout/wrapper', [...])
 5 SYSTEMPATH\CodeIgniter.php(941): App\Controllers\Admin\Siswa->index()
 6 SYSTEMPATH\CodeIgniter.php(502): CodeIgniter\CodeIgniter->runController(Object(App\Controllers\Admin\Siswa))
 7 SYSTEMPATH\CodeIgniter.php(361): CodeIgniter\CodeIgniter->handleRequest(null, Object(Config\Cache), false)
 8 FCPATH\index.php(36): CodeIgniter\CodeIgniter->run()
 9 ROOTPATH\index.php(7): require_once('C:\\xampp\\htdocs\\webspp\\public\\index.php')
WARNING - 2025-06-19 15:44:16 --> [DEPRECATED] Creation of dynamic property CodeIgniter\View\View::$session is deprecated in APPPATH\Views\admin\layout\wrapper.php on line 6.
 1 SYSTEMPATH\View\View.php(228): include('C:\\xampp\\htdocs\\webspp\\app\\Views\\admin\\layout\\wrapper.php')
 2 SYSTEMPATH\View\View.php(231): CodeIgniter\View\View->CodeIgniter\View\{closure}()
 3 SYSTEMPATH\Common.php(1178): CodeIgniter\View\View->render('admin/layout/wrapper', [], true)
 4 APPPATH\Controllers\Admin\Siswa.php(53): view('admin/layout/wrapper', [...])
 5 SYSTEMPATH\CodeIgniter.php(941): App\Controllers\Admin\Siswa->index()
 6 SYSTEMPATH\CodeIgniter.php(502): CodeIgniter\CodeIgniter->runController(Object(App\Controllers\Admin\Siswa))
 7 SYSTEMPATH\CodeIgniter.php(361): CodeIgniter\CodeIgniter->handleRequest(null, Object(Config\Cache), false)
 8 FCPATH\index.php(36): CodeIgniter\CodeIgniter->run()
 9 ROOTPATH\index.php(7): require_once('C:\\xampp\\htdocs\\webspp\\public\\index.php')
WARNING - 2025-06-19 15:44:16 --> [DEPRECATED] Creation of dynamic property App\Libraries\Simple_login::$session is deprecated in APPPATH\Libraries\Simple_login.php on line 130.
 1 APPPATH\Views\admin\layout\wrapper.php(8): App\Libraries\Simple_login->checklogin()
 2 SYSTEMPATH\View\View.php(228): include('C:\\xampp\\htdocs\\webspp\\app\\Views\\admin\\layout\\wrapper.php')
 3 SYSTEMPATH\View\View.php(231): CodeIgniter\View\View->CodeIgniter\View\{closure}()
 4 SYSTEMPATH\Common.php(1178): CodeIgniter\View\View->render('admin/layout/wrapper', [], true)
 5 APPPATH\Controllers\Admin\Siswa.php(53): view('admin/layout/wrapper', [...])
 6 SYSTEMPATH\CodeIgniter.php(941): App\Controllers\Admin\Siswa->index()
 7 SYSTEMPATH\CodeIgniter.php(502): CodeIgniter\CodeIgniter->runController(Object(App\Controllers\Admin\Siswa))
 8 SYSTEMPATH\CodeIgniter.php(361): CodeIgniter\CodeIgniter->handleRequest(null, Object(Config\Cache), false)
 9 FCPATH\index.php(36): CodeIgniter\CodeIgniter->run()
10 ROOTPATH\index.php(7): require_once('C:\\xampp\\htdocs\\webspp\\public\\index.php')
INFO - 2025-06-19 15:44:18 --> Session: Class initialized using 'CodeIgniter\Session\Handlers\FileHandler' driver.
INFO - 2025-06-19 15:47:32 --> Session: Class initialized using 'CodeIgniter\Session\Handlers\FileHandler' driver.
WARNING - 2025-06-19 15:47:32 --> [DEPRECATED] Creation of dynamic property CodeIgniter\View\View::$simple_login is deprecated in APPPATH\Views\admin\layout\wrapper.php on line 4.
 1 SYSTEMPATH\View\View.php(228): include('C:\\xampp\\htdocs\\webspp\\app\\Views\\admin\\layout\\wrapper.php')
 2 SYSTEMPATH\View\View.php(231): CodeIgniter\View\View->CodeIgniter\View\{closure}()
 3 SYSTEMPATH\Common.php(1178): CodeIgniter\View\View->render('admin/layout/wrapper', [], true)
 4 APPPATH\Controllers\Admin\Siswa.php(280): view('admin/layout/wrapper', [...])
 5 SYSTEMPATH\CodeIgniter.php(941): App\Controllers\Admin\Siswa->import()
 6 SYSTEMPATH\CodeIgniter.php(502): CodeIgniter\CodeIgniter->runController(Object(App\Controllers\Admin\Siswa))
 7 SYSTEMPATH\CodeIgniter.php(361): CodeIgniter\CodeIgniter->handleRequest(null, Object(Config\Cache), false)
 8 FCPATH\index.php(36): CodeIgniter\CodeIgniter->run()
 9 ROOTPATH\index.php(7): require_once('C:\\xampp\\htdocs\\webspp\\public\\index.php')
WARNING - 2025-06-19 15:47:32 --> [DEPRECATED] Creation of dynamic property CodeIgniter\View\View::$website is deprecated in APPPATH\Views\admin\layout\wrapper.php on line 5.
 1 SYSTEMPATH\View\View.php(228): include('C:\\xampp\\htdocs\\webspp\\app\\Views\\admin\\layout\\wrapper.php')
 2 SYSTEMPATH\View\View.php(231): CodeIgniter\View\View->CodeIgniter\View\{closure}()
 3 SYSTEMPATH\Common.php(1178): CodeIgniter\View\View->render('admin/layout/wrapper', [], true)
 4 APPPATH\Controllers\Admin\Siswa.php(280): view('admin/layout/wrapper', [...])
 5 SYSTEMPATH\CodeIgniter.php(941): App\Controllers\Admin\Siswa->import()
 6 SYSTEMPATH\CodeIgniter.php(502): CodeIgniter\CodeIgniter->runController(Object(App\Controllers\Admin\Siswa))
 7 SYSTEMPATH\CodeIgniter.php(361): CodeIgniter\CodeIgniter->handleRequest(null, Object(Config\Cache), false)
 8 FCPATH\index.php(36): CodeIgniter\CodeIgniter->run()
 9 ROOTPATH\index.php(7): require_once('C:\\xampp\\htdocs\\webspp\\public\\index.php')
WARNING - 2025-06-19 15:47:32 --> [DEPRECATED] Creation of dynamic property CodeIgniter\View\View::$session is deprecated in APPPATH\Views\admin\layout\wrapper.php on line 6.
 1 SYSTEMPATH\View\View.php(228): include('C:\\xampp\\htdocs\\webspp\\app\\Views\\admin\\layout\\wrapper.php')
 2 SYSTEMPATH\View\View.php(231): CodeIgniter\View\View->CodeIgniter\View\{closure}()
 3 SYSTEMPATH\Common.php(1178): CodeIgniter\View\View->render('admin/layout/wrapper', [], true)
 4 APPPATH\Controllers\Admin\Siswa.php(280): view('admin/layout/wrapper', [...])
 5 SYSTEMPATH\CodeIgniter.php(941): App\Controllers\Admin\Siswa->import()
 6 SYSTEMPATH\CodeIgniter.php(502): CodeIgniter\CodeIgniter->runController(Object(App\Controllers\Admin\Siswa))
 7 SYSTEMPATH\CodeIgniter.php(361): CodeIgniter\CodeIgniter->handleRequest(null, Object(Config\Cache), false)
 8 FCPATH\index.php(36): CodeIgniter\CodeIgniter->run()
 9 ROOTPATH\index.php(7): require_once('C:\\xampp\\htdocs\\webspp\\public\\index.php')
WARNING - 2025-06-19 15:47:32 --> [DEPRECATED] Creation of dynamic property App\Libraries\Simple_login::$session is deprecated in APPPATH\Libraries\Simple_login.php on line 130.
 1 APPPATH\Views\admin\layout\wrapper.php(8): App\Libraries\Simple_login->checklogin()
 2 SYSTEMPATH\View\View.php(228): include('C:\\xampp\\htdocs\\webspp\\app\\Views\\admin\\layout\\wrapper.php')
 3 SYSTEMPATH\View\View.php(231): CodeIgniter\View\View->CodeIgniter\View\{closure}()
 4 SYSTEMPATH\Common.php(1178): CodeIgniter\View\View->render('admin/layout/wrapper', [], true)
 5 APPPATH\Controllers\Admin\Siswa.php(280): view('admin/layout/wrapper', [...])
 6 SYSTEMPATH\CodeIgniter.php(941): App\Controllers\Admin\Siswa->import()
 7 SYSTEMPATH\CodeIgniter.php(502): CodeIgniter\CodeIgniter->runController(Object(App\Controllers\Admin\Siswa))
 8 SYSTEMPATH\CodeIgniter.php(361): CodeIgniter\CodeIgniter->handleRequest(null, Object(Config\Cache), false)
 9 FCPATH\index.php(36): CodeIgniter\CodeIgniter->run()
10 ROOTPATH\index.php(7): require_once('C:\\xampp\\htdocs\\webspp\\public\\index.php')
